// Jest Snapshot v1, https://goo.gl/fbAQLP

exports[`LoadingIcon renders correctly 1`] = `
<div>
  <div
    className="MuiCircularProgress-root-2 MuiCircularProgress-colorSecondary-6 MuiCircularProgress-indeterminate-4 CircularIndeterminate-progress-1 text-center"
    role="progressbar"
    style={
      Object {
        "height": 40,
        "width": 40,
      }
    }
  >
    <svg
      className="MuiCircularProgress-svg-7"
      viewBox="22 22 44 44"
    >
      <circle
        className="MuiCircularProgress-circle-8 MuiCircularProgress-circleIndeterminate-10"
        cx={44}
        cy={44}
        fill="none"
        r={20.2}
        strokeWidth={3.6}
        style={Object {}}
      />
    </svg>
  </div>
</div>
`;
